Analysis & Elaboration report for SnakeComputer
Sun Jun 22 06:55:56 2025
Quartus Prime Version 24.1std.0 Build 1077 03/04/2025 SC Lite Edition


---------------------
; Table of Contents ;
---------------------
  1. Legal Notice
  2. Analysis & Elaboration Summary
  3. Parallel Compilation
  4. Parameter Settings for User Entity Instance: ClockDivider:sleeper
  5. Parameter Settings for User Entity Instance: vga_controller:vgaCont
  6. Parameter Settings for User Entity Instance: uartRX:receiver
  7. Analysis & Elaboration Settings
  8. Port Connectivity Checks: "ALU:c5|Subtractor:subtractor"
  9. Port Connectivity Checks: "ALU:c5"
 10. Port Connectivity Checks: "RegisterFile:c2"
 11. Port Connectivity Checks: "video_gen:videoInst"
 12. Port Connectivity Checks: "vga_controller:vgaCont"
 13. Analysis & Elaboration Messages
 14. Analysis & Elaboration Suppressed Messages



----------------
; Legal Notice ;
----------------
Copyright (C) 2025  Altera Corporation. All rights reserved.
Your use of Altera Corporation's design tools, logic functions 
and other software and tools, and any partner logic 
functions, and any output files from any of the foregoing 
(including device programming or simulation files), and any 
associated documentation or information are expressly subject 
to the terms and conditions of the Altera Program License 
Subscription Agreement, the Altera Quartus Prime License Agreement,
the Altera IP License Agreement, or other applicable license
agreement, including, without limitation, that your use is for
the sole purpose of programming logic devices manufactured by
Altera and sold by Altera or its authorized distributors.  Please
refer to the Altera Software License Subscription Agreements 
on the Quartus Prime software download page.



+---------------------------------------------------------------------------------+
; Analysis & Elaboration Summary                                                  ;
+-------------------------------+-------------------------------------------------+
; Analysis & Elaboration Status ; Successful - Sun Jun 22 06:55:56 2025           ;
; Quartus Prime Version         ; 24.1std.0 Build 1077 03/04/2025 SC Lite Edition ;
; Revision Name                 ; SnakeComputer                                   ;
; Top-level Entity Name         ; CPU                                             ;
; Family                        ; Cyclone V                                       ;
; Logic utilization (in ALMs)   ; N/A until Partition Merge                       ;
; Total registers               ; N/A until Partition Merge                       ;
; Total pins                    ; N/A until Partition Merge                       ;
; Total virtual pins            ; N/A until Partition Merge                       ;
; Total block memory bits       ; N/A until Partition Merge                       ;
; Total PLLs                    ; N/A until Partition Merge                       ;
; Total DLLs                    ; N/A until Partition Merge                       ;
+-------------------------------+-------------------------------------------------+


+------------------------------------------+
; Parallel Compilation                     ;
+----------------------------+-------------+
; Processors                 ; Number      ;
+----------------------------+-------------+
; Number detected on machine ; 8           ;
; Maximum allowed            ; 4           ;
;                            ;             ;
; Average used               ; 1.00        ;
; Maximum used               ; 1           ;
;                            ;             ;
; Usage by Processor         ; % Time Used ;
;     Processor 1            ; 100.0%      ;
+----------------------------+-------------+


+-------------------------------------------------------------------+
; Parameter Settings for User Entity Instance: ClockDivider:sleeper ;
+----------------+----------+---------------------------------------+
; Parameter Name ; Value    ; Type                                  ;
+----------------+----------+---------------------------------------+
; DIV            ; 25000000 ; Signed Integer                        ;
+----------------+----------+---------------------------------------+
Note: In order to hide this table in the UI and the text report file, please set the "Show Parameter Settings in Synthesis Report" option in "Analysis and Synthesis Settings -> More Settings" to "Off".


+---------------------------------------------------------------------+
; Parameter Settings for User Entity Instance: vga_controller:vgaCont ;
+----------------+------------+---------------------------------------+
; Parameter Name ; Value      ; Type                                  ;
+----------------+------------+---------------------------------------+
; HACTIVE        ; 1010000000 ; Unsigned Binary                       ;
; HFP            ; 0000010000 ; Unsigned Binary                       ;
; HSYN           ; 0001100000 ; Unsigned Binary                       ;
; HBP            ; 0000110000 ; Unsigned Binary                       ;
; HMAX           ; 1100100000 ; Unsigned Binary                       ;
; VACTIVE        ; 0111100000 ; Unsigned Binary                       ;
; VFP            ; 0000001011 ; Unsigned Binary                       ;
; VSYN           ; 0000000010 ; Unsigned Binary                       ;
; VBP            ; 0000100000 ; Unsigned Binary                       ;
; VMAX           ; 1000001101 ; Unsigned Binary                       ;
+----------------+------------+---------------------------------------+
Note: In order to hide this table in the UI and the text report file, please set the "Show Parameter Settings in Synthesis Report" option in "Analysis and Synthesis Settings -> More Settings" to "Off".


+--------------------------------------------------------------+
; Parameter Settings for User Entity Instance: uartRX:receiver ;
+----------------+----------+----------------------------------+
; Parameter Name ; Value    ; Type                             ;
+----------------+----------+----------------------------------+
; CLK_FREQ       ; 50000000 ; Signed Integer                   ;
; BAUD_RATE      ; 9600     ; Signed Integer                   ;
+----------------+----------+----------------------------------+
Note: In order to hide this table in the UI and the text report file, please set the "Show Parameter Settings in Synthesis Report" option in "Analysis and Synthesis Settings -> More Settings" to "Off".


+---------------------------------------------------------------------------------------------------------------------------+
; Analysis & Elaboration Settings                                                                                           ;
+---------------------------------------------------------------------------------+--------------------+--------------------+
; Option                                                                          ; Setting            ; Default Value      ;
+---------------------------------------------------------------------------------+--------------------+--------------------+
; Device                                                                          ; 5CSXFC6D6F31C6     ;                    ;
; Top-level entity name                                                           ; CPU                ; SnakeComputer      ;
; Family name                                                                     ; Cyclone V          ; Cyclone V          ;
; Use smart compilation                                                           ; Off                ; Off                ;
; Enable parallel Assembler and Timing Analyzer during compilation                ; On                 ; On                 ;
; Enable compact report table                                                     ; Off                ; Off                ;
; Restructure Multiplexers                                                        ; Auto               ; Auto               ;
; MLAB Add Timing Constraints For Mixed-Port Feed-Through Mode Setting Don't Care ; Off                ; Off                ;
; Create Debugging Nodes for IP Cores                                             ; Off                ; Off                ;
; Preserve fewer node names                                                       ; On                 ; On                 ;
; Intel FPGA IP Evaluation Mode                                                   ; Enable             ; Enable             ;
; Verilog Version                                                                 ; Verilog_2001       ; Verilog_2001       ;
; VHDL Version                                                                    ; VHDL_1993          ; VHDL_1993          ;
; State Machine Processing                                                        ; Auto               ; Auto               ;
; Safe State Machine                                                              ; Off                ; Off                ;
; Extract Verilog State Machines                                                  ; On                 ; On                 ;
; Extract VHDL State Machines                                                     ; On                 ; On                 ;
; Ignore Verilog initial constructs                                               ; Off                ; Off                ;
; Iteration limit for constant Verilog loops                                      ; 5000               ; 5000               ;
; Iteration limit for non-constant Verilog loops                                  ; 250                ; 250                ;
; Add Pass-Through Logic to Inferred RAMs                                         ; On                 ; On                 ;
; Infer RAMs from Raw Logic                                                       ; On                 ; On                 ;
; Parallel Synthesis                                                              ; On                 ; On                 ;
; DSP Block Balancing                                                             ; Auto               ; Auto               ;
; NOT Gate Push-Back                                                              ; On                 ; On                 ;
; Power-Up Don't Care                                                             ; On                 ; On                 ;
; Remove Redundant Logic Cells                                                    ; Off                ; Off                ;
; Remove Duplicate Registers                                                      ; On                 ; On                 ;
; Ignore CARRY Buffers                                                            ; Off                ; Off                ;
; Ignore CASCADE Buffers                                                          ; Off                ; Off                ;
; Ignore GLOBAL Buffers                                                           ; Off                ; Off                ;
; Ignore ROW GLOBAL Buffers                                                       ; Off                ; Off                ;
; Ignore LCELL Buffers                                                            ; Off                ; Off                ;
; Ignore SOFT Buffers                                                             ; On                 ; On                 ;
; Limit AHDL Integers to 32 Bits                                                  ; Off                ; Off                ;
; Optimization Technique                                                          ; Balanced           ; Balanced           ;
; Carry Chain Length                                                              ; 70                 ; 70                 ;
; Auto Carry Chains                                                               ; On                 ; On                 ;
; Auto Open-Drain Pins                                                            ; On                 ; On                 ;
; Perform WYSIWYG Primitive Resynthesis                                           ; Off                ; Off                ;
; Auto ROM Replacement                                                            ; On                 ; On                 ;
; Auto RAM Replacement                                                            ; On                 ; On                 ;
; Auto DSP Block Replacement                                                      ; On                 ; On                 ;
; Auto Shift Register Replacement                                                 ; Auto               ; Auto               ;
; Allow Shift Register Merging across Hierarchies                                 ; Auto               ; Auto               ;
; Auto Clock Enable Replacement                                                   ; On                 ; On                 ;
; Strict RAM Replacement                                                          ; Off                ; Off                ;
; Allow Synchronous Control Signals                                               ; On                 ; On                 ;
; Force Use of Synchronous Clear Signals                                          ; Off                ; Off                ;
; Auto Resource Sharing                                                           ; Off                ; Off                ;
; Allow Any RAM Size For Recognition                                              ; Off                ; Off                ;
; Allow Any ROM Size For Recognition                                              ; Off                ; Off                ;
; Allow Any Shift Register Size For Recognition                                   ; Off                ; Off                ;
; Use LogicLock Constraints during Resource Balancing                             ; On                 ; On                 ;
; Ignore translate_off and synthesis_off directives                               ; Off                ; Off                ;
; Timing-Driven Synthesis                                                         ; On                 ; On                 ;
; Report Parameter Settings                                                       ; On                 ; On                 ;
; Report Source Assignments                                                       ; On                 ; On                 ;
; Report Connectivity Checks                                                      ; On                 ; On                 ;
; Ignore Maximum Fan-Out Assignments                                              ; Off                ; Off                ;
; Synchronization Register Chain Length                                           ; 3                  ; 3                  ;
; Power Optimization During Synthesis                                             ; Normal compilation ; Normal compilation ;
; HDL message level                                                               ; Level2             ; Level2             ;
; Suppress Register Optimization Related Messages                                 ; Off                ; Off                ;
; Number of Removed Registers Reported in Synthesis Report                        ; 5000               ; 5000               ;
; Number of Swept Nodes Reported in Synthesis Report                              ; 5000               ; 5000               ;
; Number of Inverted Registers Reported in Synthesis Report                       ; 100                ; 100                ;
; Clock MUX Protection                                                            ; On                 ; On                 ;
; Auto Gated Clock Conversion                                                     ; Off                ; Off                ;
; Block Design Naming                                                             ; Auto               ; Auto               ;
; SDC constraint protection                                                       ; Off                ; Off                ;
; Synthesis Effort                                                                ; Auto               ; Auto               ;
; Shift Register Replacement - Allow Asynchronous Clear Signal                    ; On                 ; On                 ;
; Pre-Mapping Resynthesis Optimization                                            ; Off                ; Off                ;
; Analysis & Synthesis Message Level                                              ; Medium             ; Medium             ;
; Disable Register Merging Across Hierarchies                                     ; Auto               ; Auto               ;
; Resource Aware Inference For Block RAM                                          ; On                 ; On                 ;
; Automatic Parallel Synthesis                                                    ; On                 ; On                 ;
; Partial Reconfiguration Bitstream ID                                            ; Off                ; Off                ;
+---------------------------------------------------------------------------------+--------------------+--------------------+


+----------------------------------------------------------------------------------------------------------------+
; Port Connectivity Checks: "ALU:c5|Subtractor:subtractor"                                                       ;
+------+--------+----------+-------------------------------------------------------------------------------------+
; Port ; Type   ; Severity ; Details                                                                             ;
+------+--------+----------+-------------------------------------------------------------------------------------+
; bout ; Output ; Info     ; Connected to dangling logic. Logic that only feeds a dangling port will be removed. ;
+------+--------+----------+-------------------------------------------------------------------------------------+


+---------------------------------------------------+
; Port Connectivity Checks: "ALU:c5"                ;
+------+--------+----------+------------------------+
; Port ; Type   ; Severity ; Details                ;
+------+--------+----------+------------------------+
; C    ; Output ; Info     ; Explicitly unconnected ;
; V    ; Output ; Info     ; Explicitly unconnected ;
+------+--------+----------+------------------------+


+--------------------------------------------------------------------------------------------------------------------------------------------------------------------------------------------------------------+
; Port Connectivity Checks: "RegisterFile:c2"                                                                                                                                                                  ;
+------+-------+----------+------------------------------------------------------------------------------------------------------------------------------------------------------------------------------------+
; Port ; Type  ; Severity ; Details                                                                                                                                                                            ;
+------+-------+----------+------------------------------------------------------------------------------------------------------------------------------------------------------------------------------------+
; A1   ; Input ; Warning  ; Input port expression (32 bits) is wider than the input port (4 bits) it drives.  The 28 most-significant bit(s) in the expression will be dangling if they have no other fanouts. ;
; A2   ; Input ; Warning  ; Input port expression (32 bits) is wider than the input port (4 bits) it drives.  The 28 most-significant bit(s) in the expression will be dangling if they have no other fanouts. ;
; A3   ; Input ; Warning  ; Input port expression (32 bits) is wider than the input port (4 bits) it drives.  The 28 most-significant bit(s) in the expression will be dangling if they have no other fanouts. ;
+------+-------+----------+------------------------------------------------------------------------------------------------------------------------------------------------------------------------------------+


+-------------------------------------------------------+
; Port Connectivity Checks: "video_gen:videoInst"       ;
+---------------------+-------+----------+--------------+
; Port                ; Type  ; Severity ; Details      ;
+---------------------+-------+----------+--------------+
; tablero[9][9][3..1] ; Input ; Info     ; Stuck at GND ;
; tablero[9][9][0]    ; Input ; Info     ; Stuck at VCC ;
; tablero[9][8][3..1] ; Input ; Info     ; Stuck at GND ;
; tablero[9][8][0]    ; Input ; Info     ; Stuck at VCC ;
; tablero[9][7][3..1] ; Input ; Info     ; Stuck at GND ;
; tablero[9][7][0]    ; Input ; Info     ; Stuck at VCC ;
; tablero[9][6][3..1] ; Input ; Info     ; Stuck at GND ;
; tablero[9][6][0]    ; Input ; Info     ; Stuck at VCC ;
; tablero[9][5][3..1] ; Input ; Info     ; Stuck at GND ;
; tablero[9][5][0]    ; Input ; Info     ; Stuck at VCC ;
; tablero[9][4][3..1] ; Input ; Info     ; Stuck at GND ;
; tablero[9][4][0]    ; Input ; Info     ; Stuck at VCC ;
; tablero[9][3][3..1] ; Input ; Info     ; Stuck at GND ;
; tablero[9][3][0]    ; Input ; Info     ; Stuck at VCC ;
; tablero[9][2][3..1] ; Input ; Info     ; Stuck at GND ;
; tablero[9][2][0]    ; Input ; Info     ; Stuck at VCC ;
; tablero[9][1][3..1] ; Input ; Info     ; Stuck at GND ;
; tablero[9][1][0]    ; Input ; Info     ; Stuck at VCC ;
; tablero[9][0][3..1] ; Input ; Info     ; Stuck at GND ;
; tablero[9][0][0]    ; Input ; Info     ; Stuck at VCC ;
; tablero[8][9][3..1] ; Input ; Info     ; Stuck at GND ;
; tablero[8][9][0]    ; Input ; Info     ; Stuck at VCC ;
; tablero[8][8][3..2] ; Input ; Info     ; Stuck at GND ;
; tablero[8][8][1]    ; Input ; Info     ; Stuck at VCC ;
; tablero[8][8][0]    ; Input ; Info     ; Stuck at GND ;
; tablero[8][7][3..2] ; Input ; Info     ; Stuck at GND ;
; tablero[8][7][1]    ; Input ; Info     ; Stuck at VCC ;
; tablero[8][7][0]    ; Input ; Info     ; Stuck at GND ;
; tablero[8][6][3..2] ; Input ; Info     ; Stuck at GND ;
; tablero[8][6][1]    ; Input ; Info     ; Stuck at VCC ;
; tablero[8][6][0]    ; Input ; Info     ; Stuck at GND ;
; tablero[8][5][3..2] ; Input ; Info     ; Stuck at GND ;
; tablero[8][5][1]    ; Input ; Info     ; Stuck at VCC ;
; tablero[8][5][0]    ; Input ; Info     ; Stuck at GND ;
; tablero[8][4][3..2] ; Input ; Info     ; Stuck at GND ;
; tablero[8][4][1]    ; Input ; Info     ; Stuck at VCC ;
; tablero[8][4][0]    ; Input ; Info     ; Stuck at GND ;
; tablero[8][3][3..2] ; Input ; Info     ; Stuck at GND ;
; tablero[8][3][1]    ; Input ; Info     ; Stuck at VCC ;
; tablero[8][3][0]    ; Input ; Info     ; Stuck at GND ;
; tablero[8][2][3..2] ; Input ; Info     ; Stuck at GND ;
; tablero[8][2][1]    ; Input ; Info     ; Stuck at VCC ;
; tablero[8][2][0]    ; Input ; Info     ; Stuck at GND ;
; tablero[8][1][3..2] ; Input ; Info     ; Stuck at GND ;
; tablero[8][1][1]    ; Input ; Info     ; Stuck at VCC ;
; tablero[8][1][0]    ; Input ; Info     ; Stuck at GND ;
; tablero[8][0][3..1] ; Input ; Info     ; Stuck at GND ;
; tablero[8][0][0]    ; Input ; Info     ; Stuck at VCC ;
; tablero[7][9][3..1] ; Input ; Info     ; Stuck at GND ;
; tablero[7][9][0]    ; Input ; Info     ; Stuck at VCC ;
; tablero[7][8][3..2] ; Input ; Info     ; Stuck at GND ;
; tablero[7][8][1]    ; Input ; Info     ; Stuck at VCC ;
; tablero[7][8][0]    ; Input ; Info     ; Stuck at GND ;
; tablero[7][7][1..0] ; Input ; Info     ; Stuck at GND ;
; tablero[7][7][3]    ; Input ; Info     ; Stuck at GND ;
; tablero[7][7][2]    ; Input ; Info     ; Stuck at VCC ;
; tablero[7][6][1..0] ; Input ; Info     ; Stuck at GND ;
; tablero[7][6][3]    ; Input ; Info     ; Stuck at GND ;
; tablero[7][6][2]    ; Input ; Info     ; Stuck at VCC ;
; tablero[7][5][1..0] ; Input ; Info     ; Stuck at GND ;
; tablero[7][5][3]    ; Input ; Info     ; Stuck at GND ;
; tablero[7][5][2]    ; Input ; Info     ; Stuck at VCC ;
; tablero[7][4][1..0] ; Input ; Info     ; Stuck at GND ;
; tablero[7][4][3]    ; Input ; Info     ; Stuck at GND ;
; tablero[7][4][2]    ; Input ; Info     ; Stuck at VCC ;
; tablero[7][3][1..0] ; Input ; Info     ; Stuck at GND ;
; tablero[7][3][3]    ; Input ; Info     ; Stuck at GND ;
; tablero[7][3][2]    ; Input ; Info     ; Stuck at VCC ;
; tablero[7][2][1..0] ; Input ; Info     ; Stuck at GND ;
; tablero[7][2][3]    ; Input ; Info     ; Stuck at GND ;
; tablero[7][2][2]    ; Input ; Info     ; Stuck at VCC ;
; tablero[7][1][3..2] ; Input ; Info     ; Stuck at GND ;
; tablero[7][1][1]    ; Input ; Info     ; Stuck at VCC ;
; tablero[7][1][0]    ; Input ; Info     ; Stuck at GND ;
; tablero[7][0][3..1] ; Input ; Info     ; Stuck at GND ;
; tablero[7][0][0]    ; Input ; Info     ; Stuck at VCC ;
; tablero[6][9][3..1] ; Input ; Info     ; Stuck at GND ;
; tablero[6][9][0]    ; Input ; Info     ; Stuck at VCC ;
; tablero[6][8][3..2] ; Input ; Info     ; Stuck at GND ;
; tablero[6][8][1]    ; Input ; Info     ; Stuck at VCC ;
; tablero[6][8][0]    ; Input ; Info     ; Stuck at GND ;
; tablero[6][7][1..0] ; Input ; Info     ; Stuck at GND ;
; tablero[6][7][3]    ; Input ; Info     ; Stuck at GND ;
; tablero[6][7][2]    ; Input ; Info     ; Stuck at VCC ;
; tablero[6][6][3]    ; Input ; Info     ; Stuck at GND ;
; tablero[6][6][2]    ; Input ; Info     ; Stuck at VCC ;
; tablero[6][6][1]    ; Input ; Info     ; Stuck at GND ;
; tablero[6][6][0]    ; Input ; Info     ; Stuck at VCC ;
; tablero[6][5][3]    ; Input ; Info     ; Stuck at GND ;
; tablero[6][5][2]    ; Input ; Info     ; Stuck at VCC ;
; tablero[6][5][1]    ; Input ; Info     ; Stuck at GND ;
; tablero[6][5][0]    ; Input ; Info     ; Stuck at VCC ;
; tablero[6][4][3]    ; Input ; Info     ; Stuck at GND ;
; tablero[6][4][2]    ; Input ; Info     ; Stuck at VCC ;
; tablero[6][4][1]    ; Input ; Info     ; Stuck at GND ;
; tablero[6][4][0]    ; Input ; Info     ; Stuck at VCC ;
; tablero[6][3][3]    ; Input ; Info     ; Stuck at GND ;
; tablero[6][3][2]    ; Input ; Info     ; Stuck at VCC ;
; tablero[6][3][1]    ; Input ; Info     ; Stuck at GND ;
; tablero[6][3][0]    ; Input ; Info     ; Stuck at VCC ;
; tablero[6][2][1..0] ; Input ; Info     ; Stuck at GND ;
; tablero[6][2][3]    ; Input ; Info     ; Stuck at GND ;
; tablero[6][2][2]    ; Input ; Info     ; Stuck at VCC ;
; tablero[6][1][3..2] ; Input ; Info     ; Stuck at GND ;
; tablero[6][1][1]    ; Input ; Info     ; Stuck at VCC ;
; tablero[6][1][0]    ; Input ; Info     ; Stuck at GND ;
; tablero[6][0][3..1] ; Input ; Info     ; Stuck at GND ;
; tablero[6][0][0]    ; Input ; Info     ; Stuck at VCC ;
; tablero[5][5..4]    ; Input ; Info     ; Stuck at GND ;
; tablero[5][9][3..1] ; Input ; Info     ; Stuck at GND ;
; tablero[5][9][0]    ; Input ; Info     ; Stuck at VCC ;
; tablero[5][8][3..2] ; Input ; Info     ; Stuck at GND ;
; tablero[5][8][1]    ; Input ; Info     ; Stuck at VCC ;
; tablero[5][8][0]    ; Input ; Info     ; Stuck at GND ;
; tablero[5][7][1..0] ; Input ; Info     ; Stuck at GND ;
; tablero[5][7][3]    ; Input ; Info     ; Stuck at GND ;
; tablero[5][7][2]    ; Input ; Info     ; Stuck at VCC ;
; tablero[5][6][3]    ; Input ; Info     ; Stuck at GND ;
; tablero[5][6][2]    ; Input ; Info     ; Stuck at VCC ;
; tablero[5][6][1]    ; Input ; Info     ; Stuck at GND ;
; tablero[5][6][0]    ; Input ; Info     ; Stuck at VCC ;
; tablero[5][3][3]    ; Input ; Info     ; Stuck at GND ;
; tablero[5][3][2]    ; Input ; Info     ; Stuck at VCC ;
; tablero[5][3][1]    ; Input ; Info     ; Stuck at GND ;
; tablero[5][3][0]    ; Input ; Info     ; Stuck at VCC ;
; tablero[5][2][1..0] ; Input ; Info     ; Stuck at GND ;
; tablero[5][2][3]    ; Input ; Info     ; Stuck at GND ;
; tablero[5][2][2]    ; Input ; Info     ; Stuck at VCC ;
; tablero[5][1][3..2] ; Input ; Info     ; Stuck at GND ;
; tablero[5][1][1]    ; Input ; Info     ; Stuck at VCC ;
; tablero[5][1][0]    ; Input ; Info     ; Stuck at GND ;
; tablero[5][0][3..1] ; Input ; Info     ; Stuck at GND ;
; tablero[5][0][0]    ; Input ; Info     ; Stuck at VCC ;
; tablero[4][5..4]    ; Input ; Info     ; Stuck at GND ;
; tablero[4][9][3..1] ; Input ; Info     ; Stuck at GND ;
; tablero[4][9][0]    ; Input ; Info     ; Stuck at VCC ;
; tablero[4][8][3..2] ; Input ; Info     ; Stuck at GND ;
; tablero[4][8][1]    ; Input ; Info     ; Stuck at VCC ;
; tablero[4][8][0]    ; Input ; Info     ; Stuck at GND ;
; tablero[4][7][1..0] ; Input ; Info     ; Stuck at GND ;
; tablero[4][7][3]    ; Input ; Info     ; Stuck at GND ;
; tablero[4][7][2]    ; Input ; Info     ; Stuck at VCC ;
; tablero[4][6][3]    ; Input ; Info     ; Stuck at GND ;
; tablero[4][6][2]    ; Input ; Info     ; Stuck at VCC ;
; tablero[4][6][1]    ; Input ; Info     ; Stuck at GND ;
; tablero[4][6][0]    ; Input ; Info     ; Stuck at VCC ;
; tablero[4][3][3]    ; Input ; Info     ; Stuck at GND ;
; tablero[4][3][2]    ; Input ; Info     ; Stuck at VCC ;
; tablero[4][3][1]    ; Input ; Info     ; Stuck at GND ;
; tablero[4][3][0]    ; Input ; Info     ; Stuck at VCC ;
; tablero[4][2][1..0] ; Input ; Info     ; Stuck at GND ;
; tablero[4][2][3]    ; Input ; Info     ; Stuck at GND ;
; tablero[4][2][2]    ; Input ; Info     ; Stuck at VCC ;
; tablero[4][1][3..2] ; Input ; Info     ; Stuck at GND ;
; tablero[4][1][1]    ; Input ; Info     ; Stuck at VCC ;
; tablero[4][1][0]    ; Input ; Info     ; Stuck at GND ;
; tablero[4][0][3..1] ; Input ; Info     ; Stuck at GND ;
; tablero[4][0][0]    ; Input ; Info     ; Stuck at VCC ;
; tablero[3][9][3..1] ; Input ; Info     ; Stuck at GND ;
; tablero[3][9][0]    ; Input ; Info     ; Stuck at VCC ;
; tablero[3][8][3..2] ; Input ; Info     ; Stuck at GND ;
; tablero[3][8][1]    ; Input ; Info     ; Stuck at VCC ;
; tablero[3][8][0]    ; Input ; Info     ; Stuck at GND ;
; tablero[3][7][1..0] ; Input ; Info     ; Stuck at GND ;
; tablero[3][7][3]    ; Input ; Info     ; Stuck at GND ;
; tablero[3][7][2]    ; Input ; Info     ; Stuck at VCC ;
; tablero[3][6][3]    ; Input ; Info     ; Stuck at GND ;
; tablero[3][6][2]    ; Input ; Info     ; Stuck at VCC ;
; tablero[3][6][1]    ; Input ; Info     ; Stuck at GND ;
; tablero[3][6][0]    ; Input ; Info     ; Stuck at VCC ;
; tablero[3][5][3]    ; Input ; Info     ; Stuck at GND ;
; tablero[3][5][2]    ; Input ; Info     ; Stuck at VCC ;
; tablero[3][5][1]    ; Input ; Info     ; Stuck at GND ;
; tablero[3][5][0]    ; Input ; Info     ; Stuck at VCC ;
; tablero[3][4][3]    ; Input ; Info     ; Stuck at GND ;
; tablero[3][4][2]    ; Input ; Info     ; Stuck at VCC ;
; tablero[3][4][1]    ; Input ; Info     ; Stuck at GND ;
; tablero[3][4][0]    ; Input ; Info     ; Stuck at VCC ;
; tablero[3][3][3]    ; Input ; Info     ; Stuck at GND ;
; tablero[3][3][2]    ; Input ; Info     ; Stuck at VCC ;
; tablero[3][3][1]    ; Input ; Info     ; Stuck at GND ;
; tablero[3][3][0]    ; Input ; Info     ; Stuck at VCC ;
; tablero[3][2][1..0] ; Input ; Info     ; Stuck at GND ;
; tablero[3][2][3]    ; Input ; Info     ; Stuck at GND ;
; tablero[3][2][2]    ; Input ; Info     ; Stuck at VCC ;
; tablero[3][1][3..2] ; Input ; Info     ; Stuck at GND ;
; tablero[3][1][1]    ; Input ; Info     ; Stuck at VCC ;
; tablero[3][1][0]    ; Input ; Info     ; Stuck at GND ;
; tablero[3][0][3..1] ; Input ; Info     ; Stuck at GND ;
; tablero[3][0][0]    ; Input ; Info     ; Stuck at VCC ;
; tablero[2][9][3..1] ; Input ; Info     ; Stuck at GND ;
; tablero[2][9][0]    ; Input ; Info     ; Stuck at VCC ;
; tablero[2][8][3..2] ; Input ; Info     ; Stuck at GND ;
; tablero[2][8][1]    ; Input ; Info     ; Stuck at VCC ;
; tablero[2][8][0]    ; Input ; Info     ; Stuck at GND ;
; tablero[2][7][1..0] ; Input ; Info     ; Stuck at GND ;
; tablero[2][7][3]    ; Input ; Info     ; Stuck at GND ;
; tablero[2][7][2]    ; Input ; Info     ; Stuck at VCC ;
; tablero[2][6][1..0] ; Input ; Info     ; Stuck at GND ;
; tablero[2][6][3]    ; Input ; Info     ; Stuck at GND ;
; tablero[2][6][2]    ; Input ; Info     ; Stuck at VCC ;
; tablero[2][5][1..0] ; Input ; Info     ; Stuck at GND ;
; tablero[2][5][3]    ; Input ; Info     ; Stuck at GND ;
; tablero[2][5][2]    ; Input ; Info     ; Stuck at VCC ;
; tablero[2][4][1..0] ; Input ; Info     ; Stuck at GND ;
; tablero[2][4][3]    ; Input ; Info     ; Stuck at GND ;
; tablero[2][4][2]    ; Input ; Info     ; Stuck at VCC ;
; tablero[2][3][1..0] ; Input ; Info     ; Stuck at GND ;
; tablero[2][3][3]    ; Input ; Info     ; Stuck at GND ;
; tablero[2][3][2]    ; Input ; Info     ; Stuck at VCC ;
; tablero[2][2][1..0] ; Input ; Info     ; Stuck at GND ;
; tablero[2][2][3]    ; Input ; Info     ; Stuck at GND ;
; tablero[2][2][2]    ; Input ; Info     ; Stuck at VCC ;
; tablero[2][1][3..2] ; Input ; Info     ; Stuck at GND ;
; tablero[2][1][1]    ; Input ; Info     ; Stuck at VCC ;
; tablero[2][1][0]    ; Input ; Info     ; Stuck at GND ;
; tablero[2][0][3..1] ; Input ; Info     ; Stuck at GND ;
; tablero[2][0][0]    ; Input ; Info     ; Stuck at VCC ;
; tablero[1][9][3..1] ; Input ; Info     ; Stuck at GND ;
; tablero[1][9][0]    ; Input ; Info     ; Stuck at VCC ;
; tablero[1][8][3..2] ; Input ; Info     ; Stuck at GND ;
; tablero[1][8][1]    ; Input ; Info     ; Stuck at VCC ;
; tablero[1][8][0]    ; Input ; Info     ; Stuck at GND ;
; tablero[1][7][3..2] ; Input ; Info     ; Stuck at GND ;
; tablero[1][7][1]    ; Input ; Info     ; Stuck at VCC ;
; tablero[1][7][0]    ; Input ; Info     ; Stuck at GND ;
; tablero[1][6][3..2] ; Input ; Info     ; Stuck at GND ;
; tablero[1][6][1]    ; Input ; Info     ; Stuck at VCC ;
; tablero[1][6][0]    ; Input ; Info     ; Stuck at GND ;
; tablero[1][5][3..2] ; Input ; Info     ; Stuck at GND ;
; tablero[1][5][1]    ; Input ; Info     ; Stuck at VCC ;
; tablero[1][5][0]    ; Input ; Info     ; Stuck at GND ;
; tablero[1][4][3..2] ; Input ; Info     ; Stuck at GND ;
; tablero[1][4][1]    ; Input ; Info     ; Stuck at VCC ;
; tablero[1][4][0]    ; Input ; Info     ; Stuck at GND ;
; tablero[1][3][3..2] ; Input ; Info     ; Stuck at GND ;
; tablero[1][3][1]    ; Input ; Info     ; Stuck at VCC ;
; tablero[1][3][0]    ; Input ; Info     ; Stuck at GND ;
; tablero[1][2][3..2] ; Input ; Info     ; Stuck at GND ;
; tablero[1][2][1]    ; Input ; Info     ; Stuck at VCC ;
; tablero[1][2][0]    ; Input ; Info     ; Stuck at GND ;
; tablero[1][1][3..2] ; Input ; Info     ; Stuck at GND ;
; tablero[1][1][1]    ; Input ; Info     ; Stuck at VCC ;
; tablero[1][1][0]    ; Input ; Info     ; Stuck at GND ;
; tablero[1][0][3..1] ; Input ; Info     ; Stuck at GND ;
; tablero[1][0][0]    ; Input ; Info     ; Stuck at VCC ;
; tablero[0][9][3..1] ; Input ; Info     ; Stuck at GND ;
; tablero[0][9][0]    ; Input ; Info     ; Stuck at VCC ;
; tablero[0][8][3..1] ; Input ; Info     ; Stuck at GND ;
; tablero[0][8][0]    ; Input ; Info     ; Stuck at VCC ;
; tablero[0][7][3..1] ; Input ; Info     ; Stuck at GND ;
; tablero[0][7][0]    ; Input ; Info     ; Stuck at VCC ;
; tablero[0][6][3..1] ; Input ; Info     ; Stuck at GND ;
; tablero[0][6][0]    ; Input ; Info     ; Stuck at VCC ;
; tablero[0][5][3..1] ; Input ; Info     ; Stuck at GND ;
; tablero[0][5][0]    ; Input ; Info     ; Stuck at VCC ;
; tablero[0][4][3..1] ; Input ; Info     ; Stuck at GND ;
; tablero[0][4][0]    ; Input ; Info     ; Stuck at VCC ;
; tablero[0][3][3..1] ; Input ; Info     ; Stuck at GND ;
; tablero[0][3][0]    ; Input ; Info     ; Stuck at VCC ;
; tablero[0][2][3..1] ; Input ; Info     ; Stuck at GND ;
; tablero[0][2][0]    ; Input ; Info     ; Stuck at VCC ;
; tablero[0][1][3..1] ; Input ; Info     ; Stuck at GND ;
; tablero[0][1][0]    ; Input ; Info     ; Stuck at VCC ;
; tablero[0][0][3..1] ; Input ; Info     ; Stuck at GND ;
; tablero[0][0][0]    ; Input ; Info     ; Stuck at VCC ;
+---------------------+-------+----------+--------------+


+--------------------------------------------------------------------------------------------------------------------------------------------------------------------------+
; Port Connectivity Checks: "vga_controller:vgaCont"                                                                                                                       ;
+--------+-------+----------+----------------------------------------------------------------------------------------------------------------------------------------------+
; Port   ; Type  ; Severity ; Details                                                                                                                                      ;
+--------+-------+----------+----------------------------------------------------------------------------------------------------------------------------------------------+
; vgaclk ; Input ; Info     ; Stuck at GND                                                                                                                                 ;
; reset  ; Input ; Warning  ; Declared by entity but not connected by instance. If a default value exists, it will be used.  Otherwise, the port will be connected to GND. ;
+--------+-------+----------+----------------------------------------------------------------------------------------------------------------------------------------------+


+---------------------------------+
; Analysis & Elaboration Messages ;
+---------------------------------+
Info: *******************************************************************
Info: Running Quartus Prime Analysis & Elaboration
    Info: Version 24.1std.0 Build 1077 03/04/2025 SC Lite Edition
    Info: Processing started: Sun Jun 22 06:55:39 2025
Info: Command: quartus_map --read_settings_files=on --write_settings_files=off SnakeComputer -c SnakeComputer --analysis_and_elaboration
Warning (125092): Tcl Script File clkIP.qip not found
    Info (125063): set_global_assignment -name QIP_FILE clkIP.qip
Warning (125092): Tcl Script File clkIP.sip not found
    Info (125063): set_global_assignment -name SIP_FILE clkIP.sip
Warning (18236): Number of processors has not been specified which may cause overloading on shared machines.  Set the global assignment NUM_PARALLEL_PROCESSORS in your QSF to an appropriate value for best performance.
Info (20030): Parallel compilation is enabled and will use 4 of the 4 processors detected
Info (12021): Found 1 design units, including 1 entities, in source file alu/multiplier.sv
    Info (12023): Found entity 1: Multiplier File: C:/Users/eboli/Documents/Github/digital_design_proyecto_final/ALU/Multiplier.sv Line: 1
Info (12021): Found 1 design units, including 1 entities, in source file alu/subtractor.sv
    Info (12023): Found entity 1: Subtractor File: C:/Users/eboli/Documents/Github/digital_design_proyecto_final/ALU/Subtractor.sv Line: 1
Info (12021): Found 1 design units, including 1 entities, in source file alu/adder.sv
    Info (12023): Found entity 1: Adder File: C:/Users/eboli/Documents/Github/digital_design_proyecto_final/ALU/Adder.sv Line: 1
Info (12021): Found 1 design units, including 1 entities, in source file hardware/alu.sv
    Info (12023): Found entity 1: ALU File: C:/Users/eboli/Documents/Github/digital_design_proyecto_final/hardware/ALU.sv Line: 1
Info (12021): Found 1 design units, including 1 entities, in source file hardware/rom.sv
    Info (12023): Found entity 1: ROM File: C:/Users/eboli/Documents/Github/digital_design_proyecto_final/hardware/ROM.sv Line: 1
Info (12021): Found 1 design units, including 1 entities, in source file hardware/ram.sv
    Info (12023): Found entity 1: RAM File: C:/Users/eboli/Documents/Github/digital_design_proyecto_final/hardware/RAM.sv Line: 1
Info (12021): Found 1 design units, including 1 entities, in source file hardware/gpr.sv
    Info (12023): Found entity 1: GPR File: C:/Users/eboli/Documents/Github/digital_design_proyecto_final/hardware/GPR.sv Line: 1
Info (12021): Found 1 design units, including 1 entities, in source file hardware/cpu.sv
    Info (12023): Found entity 1: CPU File: C:/Users/eboli/Documents/Github/digital_design_proyecto_final/hardware/CPU.sv Line: 1
Info (12021): Found 1 design units, including 1 entities, in source file testbenches/ram_tb.sv
    Info (12023): Found entity 1: RAM_tb File: C:/Users/eboli/Documents/Github/digital_design_proyecto_final/testbenches/RAM_tb.sv Line: 1
Info (12021): Found 1 design units, including 1 entities, in source file hardware/controlunit.sv
    Info (12023): Found entity 1: ControlUnit File: C:/Users/eboli/Documents/Github/digital_design_proyecto_final/hardware/ControlUnit.sv Line: 1
Info (12021): Found 1 design units, including 1 entities, in source file hardware/registerfile.sv
    Info (12023): Found entity 1: RegisterFile File: C:/Users/eboli/Documents/Github/digital_design_proyecto_final/hardware/RegisterFile.sv Line: 1
Info (12021): Found 1 design units, including 1 entities, in source file testbenches/registerfile_tb.sv
    Info (12023): Found entity 1: RegisterFile_tb File: C:/Users/eboli/Documents/Github/digital_design_proyecto_final/testbenches/RegisterFile_tb.sv Line: 1
Info (12021): Found 1 design units, including 1 entities, in source file testbenches/controlunit_tb.sv
    Info (12023): Found entity 1: ControlUnit_tb File: C:/Users/eboli/Documents/Github/digital_design_proyecto_final/testbenches/ControlUnit_tb.sv Line: 1
Info (12021): Found 1 design units, including 1 entities, in source file testbenches/cpu_tb.sv
    Info (12023): Found entity 1: CPU_tb File: C:/Users/eboli/Documents/Github/digital_design_proyecto_final/testbenches/CPU_tb.sv Line: 1
Info (12021): Found 1 design units, including 1 entities, in source file hardware/immextend.sv
    Info (12023): Found entity 1: ImmExtend File: C:/Users/eboli/Documents/Github/digital_design_proyecto_final/hardware/ImmExtend.sv Line: 1
Info (12021): Found 1 design units, including 1 entities, in source file testbenches/immextend_tb.sv
    Info (12023): Found entity 1: ImmExtend_tb File: C:/Users/eboli/Documents/Github/digital_design_proyecto_final/testbenches/ImmExtend_tb.sv Line: 1
Info (12021): Found 1 design units, including 1 entities, in source file hardware/signextend.sv
    Info (12023): Found entity 1: SignExtend File: C:/Users/eboli/Documents/Github/digital_design_proyecto_final/hardware/SignExtend.sv Line: 1
Info (12021): Found 1 design units, including 1 entities, in source file testbenches/signextend_tb.sv
    Info (12023): Found entity 1: SignExtend_tb File: C:/Users/eboli/Documents/Github/digital_design_proyecto_final/testbenches/SignExtend_tb.sv Line: 1
Info (12021): Found 1 design units, including 1 entities, in source file vga/vga_controller.sv
    Info (12023): Found entity 1: vga_controller File: C:/Users/eboli/Documents/Github/digital_design_proyecto_final/VGA/vga_controller.sv Line: 1
Info (12021): Found 1 design units, including 1 entities, in source file vga/video_gen.sv
    Info (12023): Found entity 1: video_gen File: C:/Users/eboli/Documents/Github/digital_design_proyecto_final/VGA/video_gen.sv Line: 1
Info (12021): Found 1 design units, including 1 entities, in source file hardware/byteextend.sv
    Info (12023): Found entity 1: ByteExtend File: C:/Users/eboli/Documents/Github/digital_design_proyecto_final/hardware/ByteExtend.sv Line: 1
Info (12021): Found 1 design units, including 1 entities, in source file hardware/uartrx.sv
    Info (12023): Found entity 1: uartRX File: C:/Users/eboli/Documents/Github/digital_design_proyecto_final/hardware/uartRX.sv Line: 1
Info (12021): Found 1 design units, including 1 entities, in source file alu/shiftleft.sv
    Info (12023): Found entity 1: ShiftLeft File: C:/Users/eboli/Documents/Github/digital_design_proyecto_final/ALU/ShiftLeft.sv Line: 1
Info (12021): Found 1 design units, including 1 entities, in source file hardware/clockdivider.sv
    Info (12023): Found entity 1: ClockDivider File: C:/Users/eboli/Documents/Github/digital_design_proyecto_final/hardware/ClockDivider.sv Line: 1
Warning (10236): Verilog HDL Implicit Net warning at ALU.sv(25): created implicit net for "sub_bout" File: C:/Users/eboli/Documents/Github/digital_design_proyecto_final/hardware/ALU.sv Line: 25
Info (12127): Elaborating entity "CPU" for the top level hierarchy
Warning (10030): Net "vgaclk" at CPU.sv(12) has no driver or initial value, using a default initial value '0' File: C:/Users/eboli/Documents/Github/digital_design_proyecto_final/hardware/CPU.sv Line: 12
Info (10008): Verilog HDL or VHDL information: EDA Netlist Writer cannot regroup multidimensional array "tablero" into its bus
Info (12128): Elaborating entity "ClockDivider" for hierarchy "ClockDivider:sleeper" File: C:/Users/eboli/Documents/Github/digital_design_proyecto_final/hardware/CPU.sv Line: 66
Warning (10230): Verilog HDL assignment warning at ClockDivider.sv(17): truncated value with size 32 to match size of target (25) File: C:/Users/eboli/Documents/Github/digital_design_proyecto_final/hardware/ClockDivider.sv Line: 17
Info (12128): Elaborating entity "vga_controller" for hierarchy "vga_controller:vgaCont" File: C:/Users/eboli/Documents/Github/digital_design_proyecto_final/hardware/CPU.sv Line: 84
Warning (10230): Verilog HDL assignment warning at vga_controller.sv(32): truncated value with size 32 to match size of target (10) File: C:/Users/eboli/Documents/Github/digital_design_proyecto_final/VGA/vga_controller.sv Line: 32
Warning (10230): Verilog HDL assignment warning at vga_controller.sv(34): truncated value with size 32 to match size of target (10) File: C:/Users/eboli/Documents/Github/digital_design_proyecto_final/VGA/vga_controller.sv Line: 34
Info (12128): Elaborating entity "video_gen" for hierarchy "video_gen:videoInst" File: C:/Users/eboli/Documents/Github/digital_design_proyecto_final/hardware/CPU.sv Line: 95
Warning (10230): Verilog HDL assignment warning at video_gen.sv(25): truncated value with size 32 to match size of target (4) File: C:/Users/eboli/Documents/Github/digital_design_proyecto_final/VGA/video_gen.sv Line: 25
Warning (10230): Verilog HDL assignment warning at video_gen.sv(26): truncated value with size 32 to match size of target (4) File: C:/Users/eboli/Documents/Github/digital_design_proyecto_final/VGA/video_gen.sv Line: 26
Warning (10230): Verilog HDL assignment warning at video_gen.sv(27): truncated value with size 32 to match size of target (10) File: C:/Users/eboli/Documents/Github/digital_design_proyecto_final/VGA/video_gen.sv Line: 27
Warning (10230): Verilog HDL assignment warning at video_gen.sv(28): truncated value with size 32 to match size of target (10) File: C:/Users/eboli/Documents/Github/digital_design_proyecto_final/VGA/video_gen.sv Line: 28
Info (10008): Verilog HDL or VHDL information: EDA Netlist Writer cannot regroup multidimensional array "tablero" into its bus
Info (10008): Verilog HDL or VHDL information: EDA Netlist Writer cannot regroup multidimensional array "tablero" into its bus
Info (12128): Elaborating entity "uartRX" for hierarchy "uartRX:receiver" File: C:/Users/eboli/Documents/Github/digital_design_proyecto_final/hardware/CPU.sv Line: 108
Warning (10230): Verilog HDL assignment warning at uartRX.sv(54): truncated value with size 32 to match size of target (16) File: C:/Users/eboli/Documents/Github/digital_design_proyecto_final/hardware/uartRX.sv Line: 54
Warning (10230): Verilog HDL assignment warning at uartRX.sv(61): truncated value with size 32 to match size of target (4) File: C:/Users/eboli/Documents/Github/digital_design_proyecto_final/hardware/uartRX.sv Line: 61
Warning (10230): Verilog HDL assignment warning at uartRX.sv(63): truncated value with size 32 to match size of target (16) File: C:/Users/eboli/Documents/Github/digital_design_proyecto_final/hardware/uartRX.sv Line: 63
Warning (10230): Verilog HDL assignment warning at uartRX.sv(74): truncated value with size 32 to match size of target (16) File: C:/Users/eboli/Documents/Github/digital_design_proyecto_final/hardware/uartRX.sv Line: 74
Info (12128): Elaborating entity "ControlUnit" for hierarchy "ControlUnit:c1" File: C:/Users/eboli/Documents/Github/digital_design_proyecto_final/hardware/CPU.sv Line: 129
Warning (10272): Verilog HDL Case Statement warning at ControlUnit.sv(167): case item expression covers a value already covered by a previous case item File: C:/Users/eboli/Documents/Github/digital_design_proyecto_final/hardware/ControlUnit.sv Line: 167
Info (12128): Elaborating entity "RegisterFile" for hierarchy "RegisterFile:c2" File: C:/Users/eboli/Documents/Github/digital_design_proyecto_final/hardware/CPU.sv Line: 142
Info (12128): Elaborating entity "GPR" for hierarchy "RegisterFile:c2|GPR:r0" File: C:/Users/eboli/Documents/Github/digital_design_proyecto_final/hardware/RegisterFile.sv Line: 42
Info (12128): Elaborating entity "RAM" for hierarchy "RAM:c3" File: C:/Users/eboli/Documents/Github/digital_design_proyecto_final/hardware/CPU.sv Line: 152
Info (12128): Elaborating entity "ROM" for hierarchy "ROM:c4" File: C:/Users/eboli/Documents/Github/digital_design_proyecto_final/hardware/CPU.sv Line: 159
Warning (10030): Net "instruction_set.data_a" at ROM.sv(8) has no driver or initial value, using a default initial value '0' File: C:/Users/eboli/Documents/Github/digital_design_proyecto_final/hardware/ROM.sv Line: 8
Warning (10030): Net "instruction_set.waddr_a" at ROM.sv(8) has no driver or initial value, using a default initial value '0' File: C:/Users/eboli/Documents/Github/digital_design_proyecto_final/hardware/ROM.sv Line: 8
Warning (10030): Net "instruction_set.we_a" at ROM.sv(8) has no driver or initial value, using a default initial value '0' File: C:/Users/eboli/Documents/Github/digital_design_proyecto_final/hardware/ROM.sv Line: 8
Info (12128): Elaborating entity "ALU" for hierarchy "ALU:c5" File: C:/Users/eboli/Documents/Github/digital_design_proyecto_final/hardware/CPU.sv Line: 170
Warning (10858): Verilog HDL warning at ALU.sv(9): object sub_cout used but never assigned File: C:/Users/eboli/Documents/Github/digital_design_proyecto_final/hardware/ALU.sv Line: 9
Warning (10030): Net "sub_cout" at ALU.sv(9) has no driver or initial value, using a default initial value '0' File: C:/Users/eboli/Documents/Github/digital_design_proyecto_final/hardware/ALU.sv Line: 9
Info (12128): Elaborating entity "Adder" for hierarchy "ALU:c5|Adder:adder" File: C:/Users/eboli/Documents/Github/digital_design_proyecto_final/hardware/ALU.sv Line: 19
Info (12128): Elaborating entity "Subtractor" for hierarchy "ALU:c5|Subtractor:subtractor" File: C:/Users/eboli/Documents/Github/digital_design_proyecto_final/hardware/ALU.sv Line: 27
Info (12128): Elaborating entity "Multiplier" for hierarchy "ALU:c5|Multiplier:multiplier" File: C:/Users/eboli/Documents/Github/digital_design_proyecto_final/hardware/ALU.sv Line: 33
Info (12128): Elaborating entity "ShiftLeft" for hierarchy "ALU:c5|ShiftLeft:shift" File: C:/Users/eboli/Documents/Github/digital_design_proyecto_final/hardware/ALU.sv Line: 39
Info (12128): Elaborating entity "ImmExtend" for hierarchy "ImmExtend:c6" File: C:/Users/eboli/Documents/Github/digital_design_proyecto_final/hardware/CPU.sv Line: 175
Info (12128): Elaborating entity "SignExtend" for hierarchy "SignExtend:c7" File: C:/Users/eboli/Documents/Github/digital_design_proyecto_final/hardware/CPU.sv Line: 180
Warning (10230): Verilog HDL assignment warning at SignExtend.sv(10): truncated value with size 32 to match size of target (24) File: C:/Users/eboli/Documents/Github/digital_design_proyecto_final/hardware/SignExtend.sv Line: 10
Info (12128): Elaborating entity "ByteExtend" for hierarchy "ByteExtend:extender" File: C:/Users/eboli/Documents/Github/digital_design_proyecto_final/hardware/CPU.sv Line: 185
Warning (12241): 2 hierarchies have connectivity warnings - see the Connectivity Checks report folder
Info (144001): Generated suppressed messages file C:/Users/eboli/Documents/Github/digital_design_proyecto_final/output_files/SnakeComputer.map.smsg
Info: Quartus Prime Analysis & Elaboration was successful. 0 errors, 24 warnings
    Info: Peak virtual memory: 5012 megabytes
    Info: Processing ended: Sun Jun 22 06:55:56 2025
    Info: Elapsed time: 00:00:17
    Info: Total CPU time (on all processors): 00:00:30


+--------------------------------------------+
; Analysis & Elaboration Suppressed Messages ;
+--------------------------------------------+
The suppressed messages can be found in C:/Users/eboli/Documents/Github/digital_design_proyecto_final/output_files/SnakeComputer.map.smsg.


