------------------------------------------------------------
Timing Analyzer Summary
------------------------------------------------------------

Type  : Slow 1100mV 85C Model Setup 'ClockDivider:sleeper|clk_out'
Slack : -74.628
TNS   : -96458.457

Type  : Slow 1100mV 85C Model Setup 'clk'
Slack : -3.888
TNS   : -3.888

Type  : Slow 1100mV 85C Model Setup 'clkdiv|clkip_inst|altera_pll_i|general[0].gpll~PLL_OUTPUT_COUNTER|divclk'
Slack : 34.949
TNS   : 0.000

Type  : Slow 1100mV 85C Model Hold 'clk'
Slack : 0.255
TNS   : 0.000

Type  : Slow 1100mV 85C Model Hold 'ClockDivider:sleeper|clk_out'
Slack : 0.358
TNS   : 0.000

Type  : Slow 1100mV 85C Model Hold 'clkdiv|clkip_inst|altera_pll_i|general[0].gpll~PLL_OUTPUT_COUNTER|divclk'
Slack : 0.667
TNS   : 0.000

Type  : Slow 1100mV 85C Model Minimum Pulse Width 'ClockDivider:sleeper|clk_out'
Slack : -2.174
TNS   : -1362.569

Type  : Slow 1100mV 85C Model Minimum Pulse Width 'clkdiv|clkip_inst|altera_pll_i|general[0].gpll~FRACTIONAL_PLL|vcoph[0]'
Slack : 0.325
TNS   : 0.000

Type  : Slow 1100mV 85C Model Minimum Pulse Width 'clk'
Slack : 8.767
TNS   : 0.000

Type  : Slow 1100mV 85C Model Minimum Pulse Width 'clkdiv|clkip_inst|altera_pll_i|general[0].gpll~PLL_OUTPUT_COUNTER|divclk'
Slack : 19.167
TNS   : 0.000

Type  : Slow 1100mV 0C Model Setup 'ClockDivider:sleeper|clk_out'
Slack : -73.264
TNS   : -94708.196

Type  : Slow 1100mV 0C Model Setup 'clk'
Slack : -3.731
TNS   : -3.731

Type  : Slow 1100mV 0C Model Setup 'clkdiv|clkip_inst|altera_pll_i|general[0].gpll~PLL_OUTPUT_COUNTER|divclk'
Slack : 35.178
TNS   : 0.000

Type  : Slow 1100mV 0C Model Hold 'clk'
Slack : 0.239
TNS   : 0.000

Type  : Slow 1100mV 0C Model Hold 'ClockDivider:sleeper|clk_out'
Slack : 0.383
TNS   : 0.000

Type  : Slow 1100mV 0C Model Hold 'clkdiv|clkip_inst|altera_pll_i|general[0].gpll~PLL_OUTPUT_COUNTER|divclk'
Slack : 0.709
TNS   : 0.000

Type  : Slow 1100mV 0C Model Minimum Pulse Width 'ClockDivider:sleeper|clk_out'
Slack : -2.174
TNS   : -1287.312

Type  : Slow 1100mV 0C Model Minimum Pulse Width 'clkdiv|clkip_inst|altera_pll_i|general[0].gpll~FRACTIONAL_PLL|vcoph[0]'
Slack : 0.325
TNS   : 0.000

Type  : Slow 1100mV 0C Model Minimum Pulse Width 'clk'
Slack : 8.736
TNS   : 0.000

Type  : Slow 1100mV 0C Model Minimum Pulse Width 'clkdiv|clkip_inst|altera_pll_i|general[0].gpll~PLL_OUTPUT_COUNTER|divclk'
Slack : 19.118
TNS   : 0.000

Type  : Fast 1100mV 85C Model Setup 'ClockDivider:sleeper|clk_out'
Slack : -43.888
TNS   : -56549.634

Type  : Fast 1100mV 85C Model Setup 'clk'
Slack : -3.080
TNS   : -3.080

Type  : Fast 1100mV 85C Model Setup 'clkdiv|clkip_inst|altera_pll_i|general[0].gpll~PLL_OUTPUT_COUNTER|divclk'
Slack : 36.717
TNS   : 0.000

Type  : Fast 1100mV 85C Model Hold 'ClockDivider:sleeper|clk_out'
Slack : 0.067
TNS   : 0.000

Type  : Fast 1100mV 85C Model Hold 'clk'
Slack : 0.146
TNS   : 0.000

Type  : Fast 1100mV 85C Model Hold 'clkdiv|clkip_inst|altera_pll_i|general[0].gpll~PLL_OUTPUT_COUNTER|divclk'
Slack : 0.300
TNS   : 0.000

Type  : Fast 1100mV 85C Model Minimum Pulse Width 'ClockDivider:sleeper|clk_out'
Slack : -2.174
TNS   : -535.629

Type  : Fast 1100mV 85C Model Minimum Pulse Width 'clkdiv|clkip_inst|altera_pll_i|general[0].gpll~FRACTIONAL_PLL|vcoph[0]'
Slack : 0.325
TNS   : 0.000

Type  : Fast 1100mV 85C Model Minimum Pulse Width 'clk'
Slack : 8.709
TNS   : 0.000

Type  : Fast 1100mV 85C Model Minimum Pulse Width 'clkdiv|clkip_inst|altera_pll_i|general[0].gpll~PLL_OUTPUT_COUNTER|divclk'
Slack : 19.416
TNS   : 0.000

Type  : Fast 1100mV 0C Model Setup 'ClockDivider:sleeper|clk_out'
Slack : -39.567
TNS   : -51000.990

Type  : Fast 1100mV 0C Model Setup 'clk'
Slack : -2.615
TNS   : -2.615

Type  : Fast 1100mV 0C Model Setup 'clkdiv|clkip_inst|altera_pll_i|general[0].gpll~PLL_OUTPUT_COUNTER|divclk'
Slack : 37.020
TNS   : 0.000

Type  : Fast 1100mV 0C Model Hold 'ClockDivider:sleeper|clk_out'
Slack : 0.065
TNS   : 0.000

Type  : Fast 1100mV 0C Model Hold 'clk'
Slack : 0.134
TNS   : 0.000

Type  : Fast 1100mV 0C Model Hold 'clkdiv|clkip_inst|altera_pll_i|general[0].gpll~PLL_OUTPUT_COUNTER|divclk'
Slack : 0.293
TNS   : 0.000

Type  : Fast 1100mV 0C Model Minimum Pulse Width 'ClockDivider:sleeper|clk_out'
Slack : -2.174
TNS   : -512.157

Type  : Fast 1100mV 0C Model Minimum Pulse Width 'clkdiv|clkip_inst|altera_pll_i|general[0].gpll~FRACTIONAL_PLL|vcoph[0]'
Slack : 0.325
TNS   : 0.000

Type  : Fast 1100mV 0C Model Minimum Pulse Width 'clk'
Slack : 8.673
TNS   : 0.000

Type  : Fast 1100mV 0C Model Minimum Pulse Width 'clkdiv|clkip_inst|altera_pll_i|general[0].gpll~PLL_OUTPUT_COUNTER|divclk'
Slack : 19.404
TNS   : 0.000

------------------------------------------------------------
