------------------------------------------------------------
Timing Analyzer Summary
------------------------------------------------------------

Type  : Slow 1100mV 85C Model Setup 'ClockDivider:sleeper|clk_out'
Slack : -76.572
TNS   : -101877.782

Type  : Slow 1100mV 85C Model Setup 'clk'
Slack : -4.463
TNS   : -4.463

Type  : Slow 1100mV 85C Model Setup 'clkdiv|clkip_inst|altera_pll_i|general[0].gpll~PLL_OUTPUT_COUNTER|divclk'
Slack : 36.571
TNS   : 0.000

Type  : Slow 1100mV 85C Model Hold 'ClockDivider:sleeper|clk_out'
Slack : 0.348
TNS   : 0.000

Type  : Slow 1100mV 85C Model Hold 'clk'
Slack : 0.373
TNS   : 0.000

Type  : Slow 1100mV 85C Model Hold 'clkdiv|clkip_inst|altera_pll_i|general[0].gpll~PLL_OUTPUT_COUNTER|divclk'
Slack : 0.677
TNS   : 0.000

Type  : Slow 1100mV 85C Model Minimum Pulse Width 'ClockDivider:sleeper|clk_out'
Slack : -2.174
TNS   : -1386.573

Type  : Slow 1100mV 85C Model Minimum Pulse Width 'clkdiv|clkip_inst|altera_pll_i|general[0].gpll~FRACTIONAL_PLL|vcoph[0]'
Slack : 0.325
TNS   : 0.000

Type  : Slow 1100mV 85C Model Minimum Pulse Width 'clk'
Slack : 8.768
TNS   : 0.000

Type  : Slow 1100mV 85C Model Minimum Pulse Width 'clkdiv|clkip_inst|altera_pll_i|general[0].gpll~PLL_OUTPUT_COUNTER|divclk'
Slack : 19.164
TNS   : 0.000

Type  : Slow 1100mV 0C Model Setup 'ClockDivider:sleeper|clk_out'
Slack : -75.033
TNS   : -99667.171

Type  : Slow 1100mV 0C Model Setup 'clk'
Slack : -4.344
TNS   : -4.344

Type  : Slow 1100mV 0C Model Setup 'clkdiv|clkip_inst|altera_pll_i|general[0].gpll~PLL_OUTPUT_COUNTER|divclk'
Slack : 36.604
TNS   : 0.000

Type  : Slow 1100mV 0C Model Hold 'ClockDivider:sleeper|clk_out'
Slack : 0.370
TNS   : 0.000

Type  : Slow 1100mV 0C Model Hold 'clk'
Slack : 0.386
TNS   : 0.000

Type  : Slow 1100mV 0C Model Hold 'clkdiv|clkip_inst|altera_pll_i|general[0].gpll~PLL_OUTPUT_COUNTER|divclk'
Slack : 0.722
TNS   : 0.000

Type  : Slow 1100mV 0C Model Minimum Pulse Width 'ClockDivider:sleeper|clk_out'
Slack : -2.174
TNS   : -1290.133

Type  : Slow 1100mV 0C Model Minimum Pulse Width 'clkdiv|clkip_inst|altera_pll_i|general[0].gpll~FRACTIONAL_PLL|vcoph[0]'
Slack : 0.325
TNS   : 0.000

Type  : Slow 1100mV 0C Model Minimum Pulse Width 'clk'
Slack : 8.718
TNS   : 0.000

Type  : Slow 1100mV 0C Model Minimum Pulse Width 'clkdiv|clkip_inst|altera_pll_i|general[0].gpll~PLL_OUTPUT_COUNTER|divclk'
Slack : 19.120
TNS   : 0.000

Type  : Fast 1100mV 85C Model Setup 'ClockDivider:sleeper|clk_out'
Slack : -45.530
TNS   : -60507.251

Type  : Fast 1100mV 85C Model Setup 'clk'
Slack : -3.452
TNS   : -3.452

Type  : Fast 1100mV 85C Model Setup 'clkdiv|clkip_inst|altera_pll_i|general[0].gpll~PLL_OUTPUT_COUNTER|divclk'
Slack : 37.885
TNS   : 0.000

Type  : Fast 1100mV 85C Model Hold 'ClockDivider:sleeper|clk_out'
Slack : 0.174
TNS   : 0.000

Type  : Fast 1100mV 85C Model Hold 'clk'
Slack : 0.182
TNS   : 0.000

Type  : Fast 1100mV 85C Model Hold 'clkdiv|clkip_inst|altera_pll_i|general[0].gpll~PLL_OUTPUT_COUNTER|divclk'
Slack : 0.300
TNS   : 0.000

Type  : Fast 1100mV 85C Model Minimum Pulse Width 'ClockDivider:sleeper|clk_out'
Slack : -2.174
TNS   : -522.345

Type  : Fast 1100mV 85C Model Minimum Pulse Width 'clkdiv|clkip_inst|altera_pll_i|general[0].gpll~FRACTIONAL_PLL|vcoph[0]'
Slack : 0.325
TNS   : 0.000

Type  : Fast 1100mV 85C Model Minimum Pulse Width 'clk'
Slack : 8.685
TNS   : 0.000

Type  : Fast 1100mV 85C Model Minimum Pulse Width 'clkdiv|clkip_inst|altera_pll_i|general[0].gpll~PLL_OUTPUT_COUNTER|divclk'
Slack : 19.415
TNS   : 0.000

Type  : Fast 1100mV 0C Model Setup 'ClockDivider:sleeper|clk_out'
Slack : -41.052
TNS   : -54512.524

Type  : Fast 1100mV 0C Model Setup 'clk'
Slack : -2.961
TNS   : -2.961

Type  : Fast 1100mV 0C Model Setup 'clkdiv|clkip_inst|altera_pll_i|general[0].gpll~PLL_OUTPUT_COUNTER|divclk'
Slack : 37.996
TNS   : 0.000

Type  : Fast 1100mV 0C Model Hold 'ClockDivider:sleeper|clk_out'
Slack : 0.154
TNS   : 0.000

Type  : Fast 1100mV 0C Model Hold 'clk'
Slack : 0.172
TNS   : 0.000

Type  : Fast 1100mV 0C Model Hold 'clkdiv|clkip_inst|altera_pll_i|general[0].gpll~PLL_OUTPUT_COUNTER|divclk'
Slack : 0.295
TNS   : 0.000

Type  : Fast 1100mV 0C Model Minimum Pulse Width 'ClockDivider:sleeper|clk_out'
Slack : -2.174
TNS   : -495.730

Type  : Fast 1100mV 0C Model Minimum Pulse Width 'clkdiv|clkip_inst|altera_pll_i|general[0].gpll~FRACTIONAL_PLL|vcoph[0]'
Slack : 0.325
TNS   : 0.000

Type  : Fast 1100mV 0C Model Minimum Pulse Width 'clk'
Slack : 8.643
TNS   : 0.000

Type  : Fast 1100mV 0C Model Minimum Pulse Width 'clkdiv|clkip_inst|altera_pll_i|general[0].gpll~PLL_OUTPUT_COUNTER|divclk'
Slack : 19.402
TNS   : 0.000

------------------------------------------------------------
